[{"duration":5400000,"id":"kpfvtmywmbhc","name":"Coder Forge @ Urban Junction - NodeJS","status":"upcoming","time":"2017-09-25 18:30:00","utc_offset":3600000,"waitlist_count":0,"yes_rsvp_count":8,"venue":{"id":25011494,"name":"Urban Junction","lat":53.3007926940918,"lon":-6.177066802978516,"address_1":"Blackrock","city":"Dublin","country":"ie","localized_country_name":"Ireland"},"link":"https://www.meetup.com/Dublin-Coder-Forge/events/243496573/","visibility":"public"},{"duration":7200000,"id":"twmxmnywmbjc","name":"Learn programming - The Berlin D2","status":"upcoming","time":"2017-09-26 18:30:00","utc_offset":3600000,"waitlist_count":0,"yes_rsvp_count":10,"venue":{"id":24089600,"name":"The Front Door","lat":53.34406280517578,"lon":-6.26526403427124,"address_1":"15 Dame Street","city":"Dublin 2","country":"ie","localized_country_name":"Ireland"},"link":"https://www.meetup.com/Dublin-Coder-Forge/events/242709846/","visibility":"public"},{"duration":7200000,"id":"tvmrrnywmbkc","name":"Blockchain Forge","status":"upcoming","time":"2017-09-27 18:30:00","utc_offset":3600000,"waitlist_count":0,"yes_rsvp_count":31,"venue":{"id":25276489,"name":"Morgan McKinley Dublin","lat":53.33269119262695,"lon":-6.247334957122803,"address_1":"2nd Floor, Connaught House","city":"Dublin","country":"ie","localized_country_name":"Ireland"},"link":"https://www.meetup.com/Dublin-Coder-Forge/events/243280787/","visibility":"public"},{"duration":5400000,"id":"kpfvtmywnbdb","name":"Coder Forge @ Urban Junction - NodeJS","status":"upcoming","time":"2017-10-02 18:30:00","utc_offset":3600000,"waitlist_count":0,"yes_rsvp_count":3,"venue":{"id":25011494,"name":"Urban Junction","lat":53.3007926940918,"lon":-6.177066802978516,"address_1":"Blackrock","city":"Dublin","country":"ie","localized_country_name":"Ireland"},"link":"https://www.meetup.com/Dublin-Coder-Forge/events/243499065/","visibility":"public"},{"duration":7200000,"id":"twmxmnywnbfb","name":"Learn programming - The Berlin D2","status":"upcoming","time":"2017-10-03 18:30:00","utc_offset":3600000,"waitlist_count":0,"yes_rsvp_count":3,"venue":{"id":24089600,"name":"The Front Door","lat":53.34406280517578,"lon":-6.26526403427124,"address_1":"15 Dame Street","city":"Dublin 2","country":"ie","localized_country_name":"Ireland"},"link":"https://www.meetup.com/Dublin-Coder-Forge/events/243499114/","visibility":"public"},{"duration":5400000,"id":"kpfvtmywnbmb","name":"Coder Forge @ Urban Junction - NodeJS","status":"upcoming","time":"2017-10-09 18:30:00","utc_offset":3600000,"waitlist_count":0,"yes_rsvp_count":2,"venue":{"id":25011494,"name":"Urban Junction","lat":53.3007926940918,"lon":-6.177066802978516,"address_1":"Blackrock","city":"Dublin","country":"ie","localized_country_name":"Ireland"},"link":"https://www.meetup.com/Dublin-Coder-Forge/events/243499116/","visibility":"public"},{"duration":7200000,"id":"twmxmnywnbnb","name":"Learn programming - The Berlin D2","status":"upcoming","time":"2017-10-10 18:30:00","utc_offset":3600000,"waitlist_count":0,"yes_rsvp_count":2,"venue":{"id":24089600,"name":"The Front Door","lat":53.34406280517578,"lon":-6.26526403427124,"address_1":"15 Dame Street","city":"Dublin 2","country":"ie","localized_country_name":"Ireland"},"link":"https://www.meetup.com/Dublin-Coder-Forge/events/243499118/","visibility":"public"},{"duration":5400000,"id":"kpfvtmywnbvb","name":"Coder Forge @ Urban Junction - NodeJS","status":"upcoming","time":"2017-10-16 18:30:00","utc_offset":3600000,"waitlist_count":0,"yes_rsvp_count":1,"venue":{"id":25011494,"name":"Urban Junction","lat":53.3007926940918,"lon":-6.177066802978516,"address_1":"Blackrock","city":"Dublin","country":"ie","localized_country_name":"Ireland"},"link":"https://www.meetup.com/Dublin-Coder-Forge/events/kpfvtmywnbvb/","visibility":"public"},{"duration":7200000,"id":"twmxmnywnbwb","name":"Learn programming - The Berlin D2","status":"upcoming","time":"2017-10-17 18:30:00","utc_offset":3600000,"waitlist_count":0,"yes_rsvp_count":1,"venue":{"id":24089600,"name":"The Front Door","lat":53.34406280517578,"lon":-6.26526403427124,"address_1":"15 Dame Street","city":"Dublin 2","country":"ie","localized_country_name":"Ireland"},"link":"https://www.meetup.com/Dublin-Coder-Forge/events/twmxmnywnbwb/","visibility":"public"},{"duration":5400000,"id":"kpfvtmywnbfc","name":"Coder Forge @ Urban Junction - NodeJS","status":"upcoming","time":"2017-10-23 18:30:00","utc_offset":3600000,"waitlist_count":0,"yes_rsvp_count":1,"venue":{"id":25011494,"name":"Urban Junction","lat":53.3007926940918,"lon":-6.177066802978516,"address_1":"Blackrock","city":"Dublin","country":"ie","localized_country_name":"Ireland"},"link":"https://www.meetup.com/Dublin-Coder-Forge/events/kpfvtmywnbfc/","visibility":"public"},{"duration":7200000,"id":"twmxmnywnbgc","name":"Learn programming - The Berlin D2","status":"upcoming","time":"2017-10-24 18:30:00","utc_offset":3600000,"waitlist_count":0,"yes_rsvp_count":1,"venue":{"id":24089600,"name":"The Front Door","lat":53.34406280517578,"lon":-6.26526403427124,"address_1":"15 Dame Street","city":"Dublin 2","country":"ie","localized_country_name":"Ireland"},"link":"https://www.meetup.com/Dublin-Coder-Forge/events/twmxmnywnbgc/","visibility":"public"},{"duration":7200000,"id":"tvmrrnywnbhc","name":"Blockchain Forge","status":"upcoming","time":"2017-10-25 18:30:00","utc_offset":3600000,"waitlist_count":0,"yes_rsvp_count":1,"venue":{"id":25276489,"name":"Morgan McKinley Dublin","lat":53.33269119262695,"lon":-6.247334957122803,"address_1":"2nd Floor, Connaught House","city":"Dublin","country":"ie","localized_country_name":"Ireland"},"link":"https://www.meetup.com/Dublin-Coder-Forge/events/tvmrrnywnbhc/","visibility":"public"},{"duration":5400000,"id":"kpfvtmywnbnc","name":"Coder Forge @ Urban Junction - NodeJS","status":"upcoming","time":"2017-10-30 18:30:00","utc_offset":0,"waitlist_count":0,"yes_rsvp_count":1,"venue":{"id":25011494,"name":"Urban Junction","lat":53.3007926940918,"lon":-6.177066802978516,"address_1":"Blackrock","city":"Dublin","country":"ie","localized_country_name":"Ireland"},"link":"https://www.meetup.com/Dublin-Coder-Forge/events/kpfvtmywnbnc/","visibility":"public"},{"duration":7200000,"id":"twmxmnywnbpc","name":"Learn programming - The Berlin D2","status":"upcoming","time":"2017-10-31 18:30:00","utc_offset":0,"waitlist_count":0,"yes_rsvp_count":1,"venue":{"id":24089600,"name":"The Front Door","lat":53.34406280517578,"lon":-6.26526403427124,"address_1":"15 Dame Street","city":"Dublin 2","country":"ie","localized_country_name":"Ireland"},"link":"https://www.meetup.com/Dublin-Coder-Forge/events/twmxmnywnbpc/","visibility":"public"},{"duration":5400000,"id":"kpfvtmywpbjb","name":"Coder Forge @ Urban Junction - NodeJS","status":"upcoming","time":"2017-11-06 18:30:00","utc_offset":0,"waitlist_count":0,"yes_rsvp_count":1,"venue":{"id":25011494,"name":"Urban Junction","lat":53.3007926940918,"lon":-6.177066802978516,"address_1":"Blackrock","city":"Dublin","country":"ie","localized_country_name":"Ireland"},"link":"https://www.meetup.com/Dublin-Coder-Forge/events/kpfvtmywpbjb/","visibility":"public"},{"duration":7200000,"id":"twmxmnywpbkb","name":"Learn programming - The Berlin D2","status":"upcoming","time":"2017-11-07 18:30:00","utc_offset":0,"waitlist_count":0,"yes_rsvp_count":1,"venue":{"id":24089600,"name":"The Front Door","lat":53.34406280517578,"lon":-6.26526403427124,"address_1":"15 Dame Street","city":"Dublin 2","country":"ie","localized_country_name":"Ireland"},"link":"https://www.meetup.com/Dublin-Coder-Forge/events/twmxmnywpbkb/","visibility":"public"},{"duration":5400000,"id":"kpfvtmywpbrb","name":"Coder Forge @ Urban Junction - NodeJS","status":"upcoming","time":"2017-11-13 18:30:00","utc_offset":0,"waitlist_count":0,"yes_rsvp_count":1,"venue":{"id":25011494,"name":"Urban Junction","lat":53.3007926940918,"lon":-6.177066802978516,"address_1":"Blackrock","city":"Dublin","country":"ie","localized_country_name":"Ireland"},"link":"https://www.meetup.com/Dublin-Coder-Forge/events/kpfvtmywpbrb/","visibility":"public"},{"duration":7200000,"id":"twmxmnywpbsb","name":"Learn programming - The Berlin D2","status":"upcoming","time":"2017-11-14 18:30:00","utc_offset":0,"waitlist_count":0,"yes_rsvp_count":1,"venue":{"id":24089600,"name":"The Front Door","lat":53.34406280517578,"lon":-6.26526403427124,"address_1":"15 Dame Street","city":"Dublin 2","country":"ie","localized_country_name":"Ireland"},"link":"https://www.meetup.com/Dublin-Coder-Forge/events/twmxmnywpbsb/","visibility":"public"},{"duration":5400000,"id":"kpfvtmywpbbc","name":"Coder Forge @ Urban Junction - NodeJS","status":"upcoming","time":"2017-11-20 18:30:00","utc_offset":0,"waitlist_count":0,"yes_rsvp_count":1,"venue":{"id":25011494,"name":"Urban Junction","lat":53.3007926940918,"lon":-6.177066802978516,"address_1":"Blackrock","city":"Dublin","country":"ie","localized_country_name":"Ireland"},"link":"https://www.meetup.com/Dublin-Coder-Forge/events/kpfvtmywpbbc/","visibility":"public"},{"duration":7200000,"id":"twmxmnywpbcc","name":"Learn programming - The Berlin D2","status":"upcoming","time":"2017-11-21 18:30:00","utc_offset":0,"waitlist_count":0,"yes_rsvp_count":1,"venue":{"id":24089600,"name":"The Front Door","lat":53.34406280517578,"lon":-6.26526403427124,"address_1":"15 Dame Street","city":"Dublin 2","country":"ie","localized_country_name":"Ireland"},"link":"https://www.meetup.com/Dublin-Coder-Forge/events/twmxmnywpbcc/","visibility":"public"}]